  Geri y├╝klenecek projeler belirleniyor...
  Yap─▒lacak i┼şlem yok. Belirtilen projelerden hi├ğbiri geri y├╝klenecek paketleri i├ğermiyor.
C:\Program Files\dotnet\sdk\10.0.103\Microsoft.Common.CurrentVersion.targets(2437,5): warning MSB3274: "Firebase.App" birincil ba┼şvurusu, ".NETFramework,Version=v4.7.2" ├ğer├ğevesine g├Âre derlendi─şinden ├ğ├Âz├╝mlenemedi. Bu, ┼şu anda hedeflenen ".NETFramework,Version=v4.7.1" ├ğer├ğevesine g├Âre daha ├╝st bir s├╝r├╝md├╝r. [c:\Users\USER\gazze\Gazze.Runtime.csproj]
C:\Program Files\dotnet\sdk\10.0.103\Microsoft.Common.CurrentVersion.targets(2437,5): warning MSB3275: "Firebase.Analytics" birincil ba┼şvurusu, ".NETFramework,Version=v4.7.2" ├ğer├ğevesine g├Âre derlenen "Firebase.App, Version=1.0.0.0, Culture=neutral, PublicKeyToken=null" b├╝t├╝nle┼ştirilmi┼ş koduna dolayl─▒ bir ba─ş─▒ml─▒l─▒─şa sahip oldu─şundan ├ğ├Âz├╝mlenemedi. Bu, ┼şu anda hedeflenen ".NETFramework,Version=v4.7.1" ├ğer├ğevesine g├Âre daha ├╝st bir s├╝r├╝md├╝r. [c:\Users\USER\gazze\Gazze.Runtime.csproj]
C:\Program Files\dotnet\sdk\10.0.103\Microsoft.Common.CurrentVersion.targets(2437,5): warning MSB3274: "Firebase.TaskExtension" birincil ba┼şvurusu, ".NETFramework,Version=v4.7.2" ├ğer├ğevesine g├Âre derlendi─şinden ├ğ├Âz├╝mlenemedi. Bu, ┼şu anda hedeflenen ".NETFramework,Version=v4.7.1" ├ğer├ğevesine g├Âre daha ├╝st bir s├╝r├╝md├╝r. [c:\Users\USER\gazze\Gazze.Runtime.csproj]
C:\Program Files\dotnet\sdk\10.0.103\Microsoft.Common.CurrentVersion.targets(2437,5): warning MSB3274: "Google.MiniJson" birincil ba┼şvurusu, ".NETFramework,Version=v4.7.2" ├ğer├ğevesine g├Âre derlendi─şinden ├ğ├Âz├╝mlenemedi. Bu, ┼şu anda hedeflenen ".NETFramework,Version=v4.7.1" ├ğer├ğevesine g├Âre daha ├╝st bir s├╝r├╝md├╝r. [c:\Users\USER\gazze\Gazze.Runtime.csproj]
C:\Program Files\dotnet\sdk\10.0.103\Microsoft.Common.CurrentVersion.targets(2437,5): warning MSB3274: "Firebase.Platform" birincil ba┼şvurusu, ".NETFramework,Version=v4.7.2" ├ğer├ğevesine g├Âre derlendi─şinden ├ğ├Âz├╝mlenemedi. Bu, ┼şu anda hedeflenen ".NETFramework,Version=v4.7.1" ├ğer├ğevesine g├Âre daha ├╝st bir s├╝r├╝md├╝r. [c:\Users\USER\gazze\Gazze.Runtime.csproj]
C:\Program Files\dotnet\sdk\10.0.103\Microsoft.Common.CurrentVersion.targets(2437,5): warning MSB3275: "Firebase.App" birincil ba┼şvurusu, ".NETFramework,Version=v4.7.2" ├ğer├ğevesine g├Âre derlenen "Firebase.Platform, Version=1.0.0.0, Culture=neutral, PublicKeyToken=null" b├╝t├╝nle┼ştirilmi┼ş koduna dolayl─▒ bir ba─ş─▒ml─▒l─▒─şa sahip oldu─şundan ├ğ├Âz├╝mlenemedi. Bu, ┼şu anda hedeflenen ".NETFramework,Version=v4.7.1" ├ğer├ğevesine g├Âre daha ├╝st bir s├╝r├╝md├╝r. [c:\Users\USER\gazze\Gazze.Runtime.csproj]
C:\Program Files\dotnet\sdk\10.0.103\Microsoft.Common.CurrentVersion.targets(2437,5): warning MSB3275: "Firebase.TaskExtension" birincil ba┼şvurusu, ".NETFramework,Version=v4.7.2" ├ğer├ğevesine g├Âre derlenen "Firebase.Platform, Version=1.0.0.0, Culture=neutral, PublicKeyToken=null" b├╝t├╝nle┼ştirilmi┼ş koduna dolayl─▒ bir ba─ş─▒ml─▒l─▒─şa sahip oldu─şundan ├ğ├Âz├╝mlenemedi. Bu, ┼şu anda hedeflenen ".NETFramework,Version=v4.7.1" ├ğer├ğevesine g├Âre daha ├╝st bir s├╝r├╝md├╝r. [c:\Users\USER\gazze\Gazze.Runtime.csproj]
C:\Program Files\dotnet\sdk\10.0.103\Microsoft.Common.CurrentVersion.targets(2437,5): warning MSB3275: "Firebase.Analytics" birincil ba┼şvurusu, ".NETFramework,Version=v4.7.2" ├ğer├ğevesine g├Âre derlenen "Firebase.Platform, Version=1.0.0.0, Culture=neutral, PublicKeyToken=null" b├╝t├╝nle┼ştirilmi┼ş koduna dolayl─▒ bir ba─ş─▒ml─▒l─▒─şa sahip oldu─şundan ├ğ├Âz├╝mlenemedi. Bu, ┼şu anda hedeflenen ".NETFramework,Version=v4.7.1" ├ğer├ğevesine g├Âre daha ├╝st bir s├╝r├╝md├╝r. [c:\Users\USER\gazze\Gazze.Runtime.csproj]
C:\Program Files\dotnet\sdk\10.0.103\Microsoft.Common.CurrentVersion.targets(2437,5): warning MSB3274: "Firebase.Analytics" birincil ba┼şvurusu, ".NETFramework,Version=v4.7.2" ├ğer├ğevesine g├Âre derlendi─şinden ├ğ├Âz├╝mlenemedi. Bu, ┼şu anda hedeflenen ".NETFramework,Version=v4.7.1" ├ğer├ğevesine g├Âre daha ├╝st bir s├╝r├╝md├╝r. [c:\Users\USER\gazze\Gazze.Runtime.csproj]
  MCPForUnity.Runtime -> c:\Users\USER\gazze\Temp\bin\Debug\MCPForUnity.Runtime.dll
  Gazze.Runtime -> c:\Users\USER\gazze\Temp\bin\Debug\Gazze.Runtime.dll
  MCPForUnity.Editor -> c:\Users\USER\gazze\Temp\bin\Debug\MCPForUnity.Editor.dll
  Gazze.Editor -> c:\Users\USER\gazze\Temp\bin\Debug\Gazze.Editor.dll
C:\Program Files\dotnet\sdk\10.0.103\Microsoft.Common.CurrentVersion.targets(2437,5): warning MSB3274: "Firebase.App" birincil ba┼şvurusu, ".NETFramework,Version=v4.7.2" ├ğer├ğevesine g├Âre derlendi─şinden ├ğ├Âz├╝mlenemedi. Bu, ┼şu anda hedeflenen ".NETFramework,Version=v4.7.1" ├ğer├ğevesine g├Âre daha ├╝st bir s├╝r├╝md├╝r. [c:\Users\USER\gazze\Assembly-CSharp.csproj]
C:\Program Files\dotnet\sdk\10.0.103\Microsoft.Common.CurrentVersion.targets(2437,5): warning MSB3275: "Firebase.Analytics" birincil ba┼şvurusu, ".NETFramework,Version=v4.7.2" ├ğer├ğevesine g├Âre derlenen "Firebase.App, Version=1.0.0.0, Culture=neutral, PublicKeyToken=null" b├╝t├╝nle┼ştirilmi┼ş koduna dolayl─▒ bir ba─ş─▒ml─▒l─▒─şa sahip oldu─şundan ├ğ├Âz├╝mlenemedi. Bu, ┼şu anda hedeflenen ".NETFramework,Version=v4.7.1" ├ğer├ğevesine g├Âre daha ├╝st bir s├╝r├╝md├╝r. [c:\Users\USER\gazze\Assembly-CSharp.csproj]
C:\Program Files\dotnet\sdk\10.0.103\Microsoft.Common.CurrentVersion.targets(2437,5): warning MSB3274: "Firebase.TaskExtension" birincil ba┼şvurusu, ".NETFramework,Version=v4.7.2" ├ğer├ğevesine g├Âre derlendi─şinden ├ğ├Âz├╝mlenemedi. Bu, ┼şu anda hedeflenen ".NETFramework,Version=v4.7.1" ├ğer├ğevesine g├Âre daha ├╝st bir s├╝r├╝md├╝r. [c:\Users\USER\gazze\Assembly-CSharp.csproj]
C:\Program Files\dotnet\sdk\10.0.103\Microsoft.Common.CurrentVersion.targets(2437,5): warning MSB3274: "Google.MiniJson" birincil ba┼şvurusu, ".NETFramework,Version=v4.7.2" ├ğer├ğevesine g├Âre derlendi─şinden ├ğ├Âz├╝mlenemedi. Bu, ┼şu anda hedeflenen ".NETFramework,Version=v4.7.1" ├ğer├ğevesine g├Âre daha ├╝st bir s├╝r├╝md├╝r. [c:\Users\USER\gazze\Assembly-CSharp.csproj]
C:\Program Files\dotnet\sdk\10.0.103\Microsoft.Common.CurrentVersion.targets(2437,5): warning MSB3274: "Firebase.Platform" birincil ba┼şvurusu, ".NETFramework,Version=v4.7.2" ├ğer├ğevesine g├Âre derlendi─şinden ├ğ├Âz├╝mlenemedi. Bu, ┼şu anda hedeflenen ".NETFramework,Version=v4.7.1" ├ğer├ğevesine g├Âre daha ├╝st bir s├╝r├╝md├╝r. [c:\Users\USER\gazze\Assembly-CSharp.csproj]
C:\Program Files\dotnet\sdk\10.0.103\Microsoft.Common.CurrentVersion.targets(2437,5): warning MSB3275: "Firebase.App" birincil ba┼şvurusu, ".NETFramework,Version=v4.7.2" ├ğer├ğevesine g├Âre derlenen "Firebase.Platform, Version=1.0.0.0, Culture=neutral, PublicKeyToken=null" b├╝t├╝nle┼ştirilmi┼ş koduna dolayl─▒ bir ba─ş─▒ml─▒l─▒─şa sahip oldu─şundan ├ğ├Âz├╝mlenemedi. Bu, ┼şu anda hedeflenen ".NETFramework,Version=v4.7.1" ├ğer├ğevesine g├Âre daha ├╝st bir s├╝r├╝md├╝r. [c:\Users\USER\gazze\Assembly-CSharp.csproj]
C:\Program Files\dotnet\sdk\10.0.103\Microsoft.Common.CurrentVersion.targets(2437,5): warning MSB3275: "Firebase.TaskExtension" birincil ba┼şvurusu, ".NETFramework,Version=v4.7.2" ├ğer├ğevesine g├Âre derlenen "Firebase.Platform, Version=1.0.0.0, Culture=neutral, PublicKeyToken=null" b├╝t├╝nle┼ştirilmi┼ş koduna dolayl─▒ bir ba─ş─▒ml─▒l─▒─şa sahip oldu─şundan ├ğ├Âz├╝mlenemedi. Bu, ┼şu anda hedeflenen ".NETFramework,Version=v4.7.1" ├ğer├ğevesine g├Âre daha ├╝st bir s├╝r├╝md├╝r. [c:\Users\USER\gazze\Assembly-CSharp.csproj]
C:\Program Files\dotnet\sdk\10.0.103\Microsoft.Common.CurrentVersion.targets(2437,5): warning MSB3275: "Firebase.Analytics" birincil ba┼şvurusu, ".NETFramework,Version=v4.7.2" ├ğer├ğevesine g├Âre derlenen "Firebase.Platform, Version=1.0.0.0, Culture=neutral, PublicKeyToken=null" b├╝t├╝nle┼ştirilmi┼ş koduna dolayl─▒ bir ba─ş─▒ml─▒l─▒─şa sahip oldu─şundan ├ğ├Âz├╝mlenemedi. Bu, ┼şu anda hedeflenen ".NETFramework,Version=v4.7.1" ├ğer├ğevesine g├Âre daha ├╝st bir s├╝r├╝md├╝r. [c:\Users\USER\gazze\Assembly-CSharp.csproj]
C:\Program Files\dotnet\sdk\10.0.103\Microsoft.Common.CurrentVersion.targets(2437,5): warning MSB3274: "Firebase.Analytics" birincil ba┼şvurusu, ".NETFramework,Version=v4.7.2" ├ğer├ğevesine g├Âre derlendi─şinden ├ğ├Âz├╝mlenemedi. Bu, ┼şu anda hedeflenen ".NETFramework,Version=v4.7.1" ├ğer├ğevesine g├Âre daha ├╝st bir s├╝r├╝md├╝r. [c:\Users\USER\gazze\Assembly-CSharp.csproj]
C:\Program Files\dotnet\sdk\10.0.103\Microsoft.Common.CurrentVersion.targets(2437,5): warning MSB3277: Farkl─▒ "System.Net.Http" s├╝r├╝mleri aras─▒nda ├ğ├Âz├╝mlenemeyen ├ğak─▒┼şmalar bulundu. [c:\Users\USER\gazze\Assembly-CSharp.csproj]
C:\Program Files\dotnet\sdk\10.0.103\Microsoft.Common.CurrentVersion.targets(2437,5): warning MSB3277: "System.Net.Http, Version=4.1.2.0, Culture=neutral, PublicKeyToken=b03f5f7f11d50a3a" ve "System.Net.Http, Version=4.2.0.0, Culture=neutral, PublicKeyToken=b03f5f7f11d50a3a" aras─▒nda ├ğak─▒┼şma vard─▒. [c:\Users\USER\gazze\Assembly-CSharp.csproj]
C:\Program Files\dotnet\sdk\10.0.103\Microsoft.Common.CurrentVersion.targets(2437,5): warning MSB3277:     "System.Net.Http, Version=4.1.2.0, Culture=neutral, PublicKeyToken=b03f5f7f11d50a3a" se├ğildi, ├ğ├╝nk├╝ bu birincil, "System.Net.Http, Version=4.2.0.0, Culture=neutral, PublicKeyToken=b03f5f7f11d50a3a" ise birincil de─şil. [c:\Users\USER\gazze\Assembly-CSharp.csproj]
C:\Program Files\dotnet\sdk\10.0.103\Microsoft.Common.CurrentVersion.targets(2437,5): warning MSB3277:     "System.Net.Http, Version=4.1.2.0, Culture=neutral, PublicKeyToken=b03f5f7f11d50a3a" [C:\Program Files\Unity\Hub\Editor\6000.3.8f1\Editor\Data\NetStandard\compat\2.1.0\shims\netstandard\System.Net.Http.dll] ├Â─şesine ba─şl─▒ ba┼şvurular. [c:\Users\USER\gazze\Assembly-CSharp.csproj]
C:\Program Files\dotnet\sdk\10.0.103\Microsoft.Common.CurrentVersion.targets(2437,5): warning MSB3277:         C:\Program Files\Unity\Hub\Editor\6000.3.8f1\Editor\Data\NetStandard\compat\2.1.0\shims\netstandard\System.Net.Http.dll [c:\Users\USER\gazze\Assembly-CSharp.csproj]
C:\Program Files\dotnet\sdk\10.0.103\Microsoft.Common.CurrentVersion.targets(2437,5): warning MSB3277:           Proje dosyas─▒ ├Â─şesi, ba┼şvuruya neden olan "C:\Program Files\Unity\Hub\Editor\6000.3.8f1\Editor\Data\NetStandard\compat\2.1.0\shims\netstandard\System.Net.Http.dll" dosyas─▒n─▒ i├ğeriyor. [c:\Users\USER\gazze\Assembly-CSharp.csproj]
C:\Program Files\dotnet\sdk\10.0.103\Microsoft.Common.CurrentVersion.targets(2437,5): warning MSB3277:             System.Net.Http [c:\Users\USER\gazze\Assembly-CSharp.csproj]
C:\Program Files\dotnet\sdk\10.0.103\Microsoft.Common.CurrentVersion.targets(2437,5): warning MSB3277:     "System.Net.Http, Version=4.2.0.0, Culture=neutral, PublicKeyToken=b03f5f7f11d50a3a" [] ├Â─şesine ba─şl─▒ veya ├Â─şesi bi├ğiminde birle┼ştirilen ba┼şvurular. [c:\Users\USER\gazze\Assembly-CSharp.csproj]
C:\Program Files\dotnet\sdk\10.0.103\Microsoft.Common.CurrentVersion.targets(2437,5): warning MSB3277:         c:\Users\USER\gazze\Temp\bin\Debug\MCPForUnity.Editor.dll [c:\Users\USER\gazze\Assembly-CSharp.csproj]
C:\Program Files\dotnet\sdk\10.0.103\Microsoft.Common.CurrentVersion.targets(2437,5): warning MSB3277:           Proje dosyas─▒ ├Â─şesi, ba┼şvuruya neden olan "c:\Users\USER\gazze\Temp\bin\Debug\MCPForUnity.Editor.dll" dosyas─▒n─▒ i├ğeriyor. [c:\Users\USER\gazze\Assembly-CSharp.csproj]
C:\Program Files\dotnet\sdk\10.0.103\Microsoft.Common.CurrentVersion.targets(2437,5): warning MSB3277:             c:\Users\USER\gazze\Temp\bin\Debug\MCPForUnity.Editor.dll [c:\Users\USER\gazze\Assembly-CSharp.csproj]
c:\Users\USER\gazze\Assets\Firebase\FirebaseAI\CountTokensResponse.cs(19,7): error CS0246: 'Google' t├╝r├╝ veya ad alan─▒ ad─▒ bulunamad─▒ (bir using y├Ânergeniz veya derleme ba┼şvurunuz mu eksik?) [c:\Users\USER\gazze\Assembly-CSharp.csproj]
c:\Users\USER\gazze\Assets\Firebase\FirebaseAI\GenerateContentResponse.cs(20,7): error CS0246: 'Google' t├╝r├╝ veya ad alan─▒ ad─▒ bulunamad─▒ (bir using y├Ânergeniz veya derleme ba┼şvurunuz mu eksik?) [c:\Users\USER\gazze\Assembly-CSharp.csproj]
c:\Users\USER\gazze\Assets\Firebase\FirebaseAI\LiveSession.cs(25,7): error CS0246: 'Google' t├╝r├╝ veya ad alan─▒ ad─▒ bulunamad─▒ (bir using y├Ânergeniz veya derleme ba┼şvurunuz mu eksik?) [c:\Users\USER\gazze\Assembly-CSharp.csproj]
c:\Users\USER\gazze\Assets\Firebase\FirebaseAI\TemplateGenerativeModel.cs(23,7): error CS0246: 'Google' t├╝r├╝ veya ad alan─▒ ad─▒ bulunamad─▒ (bir using y├Ânergeniz veya derleme ba┼şvurunuz mu eksik?) [c:\Users\USER\gazze\Assembly-CSharp.csproj]
c:\Users\USER\gazze\Assets\Firebase\FirebaseAI\LiveSessionResponse.cs(18,7): error CS0246: 'Google' t├╝r├╝ veya ad alan─▒ ad─▒ bulunamad─▒ (bir using y├Ânergeniz veya derleme ba┼şvurunuz mu eksik?) [c:\Users\USER\gazze\Assembly-CSharp.csproj]
c:\Users\USER\gazze\Assets\Firebase\FirebaseAI\Imagen\ImagenResponse.cs(21,7): error CS0246: 'Google' t├╝r├╝ veya ad alan─▒ ad─▒ bulunamad─▒ (bir using y├Ânergeniz veya derleme ba┼şvurunuz mu eksik?) [c:\Users\USER\gazze\Assembly-CSharp.csproj]
c:\Users\USER\gazze\Assets\Firebase\FirebaseAI\Imagen\ImagenModel.cs(25,7): error CS0246: 'Google' t├╝r├╝ veya ad alan─▒ ad─▒ bulunamad─▒ (bir using y├Ânergeniz veya derleme ba┼şvurunuz mu eksik?) [c:\Users\USER\gazze\Assembly-CSharp.csproj]
c:\Users\USER\gazze\Assets\Firebase\FirebaseAI\GenerativeModel.cs(26,7): error CS0246: 'Google' t├╝r├╝ veya ad alan─▒ ad─▒ bulunamad─▒ (bir using y├Ânergeniz veya derleme ba┼şvurunuz mu eksik?) [c:\Users\USER\gazze\Assembly-CSharp.csproj]
c:\Users\USER\gazze\Assets\Firebase\FirebaseAI\LiveGenerativeModel.cs(25,7): error CS0246: 'Google' t├╝r├╝ veya ad alan─▒ ad─▒ bulunamad─▒ (bir using y├Ânergeniz veya derleme ba┼şvurunuz mu eksik?) [c:\Users\USER\gazze\Assembly-CSharp.csproj]
c:\Users\USER\gazze\Assets\Firebase\FirebaseAI\Internal\FirebaseInterops.cs(94,58): error CS0246: 'FirebaseApp' t├╝r├╝ veya ad alan─▒ ad─▒ bulunamad─▒ (bir using y├Ânergeniz veya derleme ba┼şvurunuz mu eksik?) [c:\Users\USER\gazze\Assembly-CSharp.csproj]
c:\Users\USER\gazze\Assets\Firebase\FirebaseAI\Internal\FirebaseInterops.cs(218,62): error CS0246: 'FirebaseApp' t├╝r├╝ veya ad alan─▒ ad─▒ bulunamad─▒ (bir using y├Ânergeniz veya derleme ba┼şvurunuz mu eksik?) [c:\Users\USER\gazze\Assembly-CSharp.csproj]
c:\Users\USER\gazze\Assets\Firebase\FirebaseAI\FirebaseAI.cs(128,42): error CS0246: 'FirebaseApp' t├╝r├╝ veya ad alan─▒ ad─▒ bulunamad─▒ (bir using y├Ânergeniz veya derleme ba┼şvurunuz mu eksik?) [c:\Users\USER\gazze\Assembly-CSharp.csproj]
c:\Users\USER\gazze\Assets\Firebase\FirebaseAI\Internal\FirebaseInterops.cs(351,58): error CS0246: 'FirebaseApp' t├╝r├╝ veya ad alan─▒ ad─▒ bulunamad─▒ (bir using y├Ânergeniz veya derleme ba┼şvurunuz mu eksik?) [c:\Users\USER\gazze\Assembly-CSharp.csproj]
c:\Users\USER\gazze\Assets\Firebase\FirebaseAI\Internal\FirebaseInterops.cs(407,83): error CS0246: 'FirebaseApp' t├╝r├╝ veya ad alan─▒ ad─▒ bulunamad─▒ (bir using y├Ânergeniz veya derleme ba┼şvurunuz mu eksik?) [c:\Users\USER\gazze\Assembly-CSharp.csproj]
c:\Users\USER\gazze\Assets\Firebase\FirebaseAI\FirebaseAI.cs(93,22): error CS0246: 'FirebaseApp' t├╝r├╝ veya ad alan─▒ ad─▒ bulunamad─▒ (bir using y├Ânergeniz veya derleme ba┼şvurunuz mu eksik?) [c:\Users\USER\gazze\Assembly-CSharp.csproj]
c:\Users\USER\gazze\Assets\Firebase\FirebaseAI\Internal\FirebaseInterops.cs(423,79): error CS0246: 'FirebaseApp' t├╝r├╝ veya ad alan─▒ ad─▒ bulunamad─▒ (bir using y├Ânergeniz veya derleme ba┼şvurunuz mu eksik?) [c:\Users\USER\gazze\Assembly-CSharp.csproj]
c:\Users\USER\gazze\Assets\Firebase\FirebaseAI\FirebaseAI.cs(96,24): error CS0246: 'FirebaseApp' t├╝r├╝ veya ad alan─▒ ad─▒ bulunamad─▒ (bir using y├Ânergeniz veya derleme ba┼şvurunuz mu eksik?) [c:\Users\USER\gazze\Assembly-CSharp.csproj]
c:\Users\USER\gazze\Assets\Firebase\FirebaseAI\TemplateGenerativeModel.cs(37,22): error CS0246: 'FirebaseApp' t├╝r├╝ veya ad alan─▒ ad─▒ bulunamad─▒ (bir using y├Ânergeniz veya derleme ba┼şvurunuz mu eksik?) [c:\Users\USER\gazze\Assembly-CSharp.csproj]
c:\Users\USER\gazze\Assets\Firebase\FirebaseAI\Internal\HttpHelpers.cs(29,35): error CS0246: 'FirebaseApp' t├╝r├╝ veya ad alan─▒ ad─▒ bulunamad─▒ (bir using y├Ânergeniz veya derleme ba┼şvurunuz mu eksik?) [c:\Users\USER\gazze\Assembly-CSharp.csproj]
c:\Users\USER\gazze\Assets\Firebase\FirebaseAI\LiveGenerativeModel.cs(43,22): error CS0246: 'FirebaseApp' t├╝r├╝ veya ad alan─▒ ad─▒ bulunamad─▒ (bir using y├Ânergeniz veya derleme ba┼şvurunuz mu eksik?) [c:\Users\USER\gazze\Assembly-CSharp.csproj]
c:\Users\USER\gazze\Assets\Firebase\FirebaseAI\Internal\HttpHelpers.cs(51,43): error CS0246: 'FirebaseApp' t├╝r├╝ veya ad alan─▒ ad─▒ bulunamad─▒ (bir using y├Ânergeniz veya derleme ba┼şvurunuz mu eksik?) [c:\Users\USER\gazze\Assembly-CSharp.csproj]
c:\Users\USER\gazze\Assets\Firebase\FirebaseAI\Internal\HttpHelpers.cs(70,78): error CS0246: 'FirebaseApp' t├╝r├╝ veya ad alan─▒ ad─▒ bulunamad─▒ (bir using y├Ânergeniz veya derleme ba┼şvurunuz mu eksik?) [c:\Users\USER\gazze\Assembly-CSharp.csproj]
c:\Users\USER\gazze\Assets\Firebase\FirebaseAI\TemplateGenerativeModel.cs(47,38): error CS0246: 'FirebaseApp' t├╝r├╝ veya ad alan─▒ ad─▒ bulunamad─▒ (bir using y├Ânergeniz veya derleme ba┼şvurunuz mu eksik?) [c:\Users\USER\gazze\Assembly-CSharp.csproj]
c:\Users\USER\gazze\Assets\Firebase\FirebaseAI\LiveGenerativeModel.cs(57,34): error CS0246: 'FirebaseApp' t├╝r├╝ veya ad alan─▒ ad─▒ bulunamad─▒ (bir using y├Ânergeniz veya derleme ba┼şvurunuz mu eksik?) [c:\Users\USER\gazze\Assembly-CSharp.csproj]
c:\Users\USER\gazze\Assets\Firebase\FirebaseAI\GenerativeModel.cs(37,22): error CS0246: 'FirebaseApp' t├╝r├╝ veya ad alan─▒ ad─▒ bulunamad─▒ (bir using y├Ânergeniz veya derleme ba┼şvurunuz mu eksik?) [c:\Users\USER\gazze\Assembly-CSharp.csproj]
c:\Users\USER\gazze\Assets\Firebase\FirebaseAI\GenerativeModel.cs(57,30): error CS0246: 'FirebaseApp' t├╝r├╝ veya ad alan─▒ ad─▒ bulunamad─▒ (bir using y├Ânergeniz veya derleme ba┼şvurunuz mu eksik?) [c:\Users\USER\gazze\Assembly-CSharp.csproj]
c:\Users\USER\gazze\Assets\Firebase\FirebaseAI\Imagen\ImagenModel.cs(39,22): error CS0246: 'FirebaseApp' t├╝r├╝ veya ad alan─▒ ad─▒ bulunamad─▒ (bir using y├Ânergeniz veya derleme ba┼şvurunuz mu eksik?) [c:\Users\USER\gazze\Assembly-CSharp.csproj]
c:\Users\USER\gazze\Assets\Firebase\FirebaseAI\Imagen\ImagenModel.cs(52,26): error CS0246: 'FirebaseApp' t├╝r├╝ veya ad alan─▒ ad─▒ bulunamad─▒ (bir using y├Ânergeniz veya derleme ba┼şvurunuz mu eksik?) [c:\Users\USER\gazze\Assembly-CSharp.csproj]
c:\Users\USER\gazze\Assets\Firebase\FirebaseAI\Imagen\ImagenModel.cs(169,22): error CS0246: 'FirebaseApp' t├╝r├╝ veya ad alan─▒ ad─▒ bulunamad─▒ (bir using y├Ânergeniz veya derleme ba┼şvurunuz mu eksik?) [c:\Users\USER\gazze\Assembly-CSharp.csproj]
c:\Users\USER\gazze\Assets\Firebase\FirebaseAI\Imagen\ImagenModel.cs(178,34): error CS0246: 'FirebaseApp' t├╝r├╝ veya ad alan─▒ ad─▒ bulunamad─▒ (bir using y├Ânergeniz veya derleme ba┼şvurunuz mu eksik?) [c:\Users\USER\gazze\Assembly-CSharp.csproj]

Olu┼şturma BA┼ŞARISIZ OLDU.

C:\Program Files\dotnet\sdk\10.0.103\Microsoft.Common.CurrentVersion.targets(2437,5): warning MSB3274: "Firebase.App" birincil ba┼şvurusu, ".NETFramework,Version=v4.7.2" ├ğer├ğevesine g├Âre derlendi─şinden ├ğ├Âz├╝mlenemedi. Bu, ┼şu anda hedeflenen ".NETFramework,Version=v4.7.1" ├ğer├ğevesine g├Âre daha ├╝st bir s├╝r├╝md├╝r. [c:\Users\USER\gazze\Gazze.Runtime.csproj]
C:\Program Files\dotnet\sdk\10.0.103\Microsoft.Common.CurrentVersion.targets(2437,5): warning MSB3275: "Firebase.Analytics" birincil ba┼şvurusu, ".NETFramework,Version=v4.7.2" ├ğer├ğevesine g├Âre derlenen "Firebase.App, Version=1.0.0.0, Culture=neutral, PublicKeyToken=null" b├╝t├╝nle┼ştirilmi┼ş koduna dolayl─▒ bir ba─ş─▒ml─▒l─▒─şa sahip oldu─şundan ├ğ├Âz├╝mlenemedi. Bu, ┼şu anda hedeflenen ".NETFramework,Version=v4.7.1" ├ğer├ğevesine g├Âre daha ├╝st bir s├╝r├╝md├╝r. [c:\Users\USER\gazze\Gazze.Runtime.csproj]
C:\Program Files\dotnet\sdk\10.0.103\Microsoft.Common.CurrentVersion.targets(2437,5): warning MSB3274: "Firebase.TaskExtension" birincil ba┼şvurusu, ".NETFramework,Version=v4.7.2" ├ğer├ğevesine g├Âre derlendi─şinden ├ğ├Âz├╝mlenemedi. Bu, ┼şu anda hedeflenen ".NETFramework,Version=v4.7.1" ├ğer├ğevesine g├Âre daha ├╝st bir s├╝r├╝md├╝r. [c:\Users\USER\gazze\Gazze.Runtime.csproj]
C:\Program Files\dotnet\sdk\10.0.103\Microsoft.Common.CurrentVersion.targets(2437,5): warning MSB3274: "Google.MiniJson" birincil ba┼şvurusu, ".NETFramework,Version=v4.7.2" ├ğer├ğevesine g├Âre derlendi─şinden ├ğ├Âz├╝mlenemedi. Bu, ┼şu anda hedeflenen ".NETFramework,Version=v4.7.1" ├ğer├ğevesine g├Âre daha ├╝st bir s├╝r├╝md├╝r. [c:\Users\USER\gazze\Gazze.Runtime.csproj]
C:\Program Files\dotnet\sdk\10.0.103\Microsoft.Common.CurrentVersion.targets(2437,5): warning MSB3274: "Firebase.Platform" birincil ba┼şvurusu, ".NETFramework,Version=v4.7.2" ├ğer├ğevesine g├Âre derlendi─şinden ├ğ├Âz├╝mlenemedi. Bu, ┼şu anda hedeflenen ".NETFramework,Version=v4.7.1" ├ğer├ğevesine g├Âre daha ├╝st bir s├╝r├╝md├╝r. [c:\Users\USER\gazze\Gazze.Runtime.csproj]
C:\Program Files\dotnet\sdk\10.0.103\Microsoft.Common.CurrentVersion.targets(2437,5): warning MSB3275: "Firebase.App" birincil ba┼şvurusu, ".NETFramework,Version=v4.7.2" ├ğer├ğevesine g├Âre derlenen "Firebase.Platform, Version=1.0.0.0, Culture=neutral, PublicKeyToken=null" b├╝t├╝nle┼ştirilmi┼ş koduna dolayl─▒ bir ba─ş─▒ml─▒l─▒─şa sahip oldu─şundan ├ğ├Âz├╝mlenemedi. Bu, ┼şu anda hedeflenen ".NETFramework,Version=v4.7.1" ├ğer├ğevesine g├Âre daha ├╝st bir s├╝r├╝md├╝r. [c:\Users\USER\gazze\Gazze.Runtime.csproj]
C:\Program Files\dotnet\sdk\10.0.103\Microsoft.Common.CurrentVersion.targets(2437,5): warning MSB3275: "Firebase.TaskExtension" birincil ba┼şvurusu, ".NETFramework,Version=v4.7.2" ├ğer├ğevesine g├Âre derlenen "Firebase.Platform, Version=1.0.0.0, Culture=neutral, PublicKeyToken=null" b├╝t├╝nle┼ştirilmi┼ş koduna dolayl─▒ bir ba─ş─▒ml─▒l─▒─şa sahip oldu─şundan ├ğ├Âz├╝mlenemedi. Bu, ┼şu anda hedeflenen ".NETFramework,Version=v4.7.1" ├ğer├ğevesine g├Âre daha ├╝st bir s├╝r├╝md├╝r. [c:\Users\USER\gazze\Gazze.Runtime.csproj]
C:\Program Files\dotnet\sdk\10.0.103\Microsoft.Common.CurrentVersion.targets(2437,5): warning MSB3275: "Firebase.Analytics" birincil ba┼şvurusu, ".NETFramework,Version=v4.7.2" ├ğer├ğevesine g├Âre derlenen "Firebase.Platform, Version=1.0.0.0, Culture=neutral, PublicKeyToken=null" b├╝t├╝nle┼ştirilmi┼ş koduna dolayl─▒ bir ba─ş─▒ml─▒l─▒─şa sahip oldu─şundan ├ğ├Âz├╝mlenemedi. Bu, ┼şu anda hedeflenen ".NETFramework,Version=v4.7.1" ├ğer├ğevesine g├Âre daha ├╝st bir s├╝r├╝md├╝r. [c:\Users\USER\gazze\Gazze.Runtime.csproj]
C:\Program Files\dotnet\sdk\10.0.103\Microsoft.Common.CurrentVersion.targets(2437,5): warning MSB3274: "Firebase.Analytics" birincil ba┼şvurusu, ".NETFramework,Version=v4.7.2" ├ğer├ğevesine g├Âre derlendi─şinden ├ğ├Âz├╝mlenemedi. Bu, ┼şu anda hedeflenen ".NETFramework,Version=v4.7.1" ├ğer├ğevesine g├Âre daha ├╝st bir s├╝r├╝md├╝r. [c:\Users\USER\gazze\Gazze.Runtime.csproj]
C:\Program Files\dotnet\sdk\10.0.103\Microsoft.Common.CurrentVersion.targets(2437,5): warning MSB3274: "Firebase.App" birincil ba┼şvurusu, ".NETFramework,Version=v4.7.2" ├ğer├ğevesine g├Âre derlendi─şinden ├ğ├Âz├╝mlenemedi. Bu, ┼şu anda hedeflenen ".NETFramework,Version=v4.7.1" ├ğer├ğevesine g├Âre daha ├╝st bir s├╝r├╝md├╝r. [c:\Users\USER\gazze\Assembly-CSharp.csproj]
C:\Program Files\dotnet\sdk\10.0.103\Microsoft.Common.CurrentVersion.targets(2437,5): warning MSB3275: "Firebase.Analytics" birincil ba┼şvurusu, ".NETFramework,Version=v4.7.2" ├ğer├ğevesine g├Âre derlenen "Firebase.App, Version=1.0.0.0, Culture=neutral, PublicKeyToken=null" b├╝t├╝nle┼ştirilmi┼ş koduna dolayl─▒ bir ba─ş─▒ml─▒l─▒─şa sahip oldu─şundan ├ğ├Âz├╝mlenemedi. Bu, ┼şu anda hedeflenen ".NETFramework,Version=v4.7.1" ├ğer├ğevesine g├Âre daha ├╝st bir s├╝r├╝md├╝r. [c:\Users\USER\gazze\Assembly-CSharp.csproj]
C:\Program Files\dotnet\sdk\10.0.103\Microsoft.Common.CurrentVersion.targets(2437,5): warning MSB3274: "Firebase.TaskExtension" birincil ba┼şvurusu, ".NETFramework,Version=v4.7.2" ├ğer├ğevesine g├Âre derlendi─şinden ├ğ├Âz├╝mlenemedi. Bu, ┼şu anda hedeflenen ".NETFramework,Version=v4.7.1" ├ğer├ğevesine g├Âre daha ├╝st bir s├╝r├╝md├╝r. [c:\Users\USER\gazze\Assembly-CSharp.csproj]
C:\Program Files\dotnet\sdk\10.0.103\Microsoft.Common.CurrentVersion.targets(2437,5): warning MSB3274: "Google.MiniJson" birincil ba┼şvurusu, ".NETFramework,Version=v4.7.2" ├ğer├ğevesine g├Âre derlendi─şinden ├ğ├Âz├╝mlenemedi. Bu, ┼şu anda hedeflenen ".NETFramework,Version=v4.7.1" ├ğer├ğevesine g├Âre daha ├╝st bir s├╝r├╝md├╝r. [c:\Users\USER\gazze\Assembly-CSharp.csproj]
C:\Program Files\dotnet\sdk\10.0.103\Microsoft.Common.CurrentVersion.targets(2437,5): warning MSB3274: "Firebase.Platform" birincil ba┼şvurusu, ".NETFramework,Version=v4.7.2" ├ğer├ğevesine g├Âre derlendi─şinden ├ğ├Âz├╝mlenemedi. Bu, ┼şu anda hedeflenen ".NETFramework,Version=v4.7.1" ├ğer├ğevesine g├Âre daha ├╝st bir s├╝r├╝md├╝r. [c:\Users\USER\gazze\Assembly-CSharp.csproj]
C:\Program Files\dotnet\sdk\10.0.103\Microsoft.Common.CurrentVersion.targets(2437,5): warning MSB3275: "Firebase.App" birincil ba┼şvurusu, ".NETFramework,Version=v4.7.2" ├ğer├ğevesine g├Âre derlenen "Firebase.Platform, Version=1.0.0.0, Culture=neutral, PublicKeyToken=null" b├╝t├╝nle┼ştirilmi┼ş koduna dolayl─▒ bir ba─ş─▒ml─▒l─▒─şa sahip oldu─şundan ├ğ├Âz├╝mlenemedi. Bu, ┼şu anda hedeflenen ".NETFramework,Version=v4.7.1" ├ğer├ğevesine g├Âre daha ├╝st bir s├╝r├╝md├╝r. [c:\Users\USER\gazze\Assembly-CSharp.csproj]
C:\Program Files\dotnet\sdk\10.0.103\Microsoft.Common.CurrentVersion.targets(2437,5): warning MSB3275: "Firebase.TaskExtension" birincil ba┼şvurusu, ".NETFramework,Version=v4.7.2" ├ğer├ğevesine g├Âre derlenen "Firebase.Platform, Version=1.0.0.0, Culture=neutral, PublicKeyToken=null" b├╝t├╝nle┼ştirilmi┼ş koduna dolayl─▒ bir ba─ş─▒ml─▒l─▒─şa sahip oldu─şundan ├ğ├Âz├╝mlenemedi. Bu, ┼şu anda hedeflenen ".NETFramework,Version=v4.7.1" ├ğer├ğevesine g├Âre daha ├╝st bir s├╝r├╝md├╝r. [c:\Users\USER\gazze\Assembly-CSharp.csproj]
C:\Program Files\dotnet\sdk\10.0.103\Microsoft.Common.CurrentVersion.targets(2437,5): warning MSB3275: "Firebase.Analytics" birincil ba┼şvurusu, ".NETFramework,Version=v4.7.2" ├ğer├ğevesine g├Âre derlenen "Firebase.Platform, Version=1.0.0.0, Culture=neutral, PublicKeyToken=null" b├╝t├╝nle┼ştirilmi┼ş koduna dolayl─▒ bir ba─ş─▒ml─▒l─▒─şa sahip oldu─şundan ├ğ├Âz├╝mlenemedi. Bu, ┼şu anda hedeflenen ".NETFramework,Version=v4.7.1" ├ğer├ğevesine g├Âre daha ├╝st bir s├╝r├╝md├╝r. [c:\Users\USER\gazze\Assembly-CSharp.csproj]
C:\Program Files\dotnet\sdk\10.0.103\Microsoft.Common.CurrentVersion.targets(2437,5): warning MSB3274: "Firebase.Analytics" birincil ba┼şvurusu, ".NETFramework,Version=v4.7.2" ├ğer├ğevesine g├Âre derlendi─şinden ├ğ├Âz├╝mlenemedi. Bu, ┼şu anda hedeflenen ".NETFramework,Version=v4.7.1" ├ğer├ğevesine g├Âre daha ├╝st bir s├╝r├╝md├╝r. [c:\Users\USER\gazze\Assembly-CSharp.csproj]
C:\Program Files\dotnet\sdk\10.0.103\Microsoft.Common.CurrentVersion.targets(2437,5): warning MSB3277: Farkl─▒ "System.Net.Http" s├╝r├╝mleri aras─▒nda ├ğ├Âz├╝mlenemeyen ├ğak─▒┼şmalar bulundu. [c:\Users\USER\gazze\Assembly-CSharp.csproj]
C:\Program Files\dotnet\sdk\10.0.103\Microsoft.Common.CurrentVersion.targets(2437,5): warning MSB3277: "System.Net.Http, Version=4.1.2.0, Culture=neutral, PublicKeyToken=b03f5f7f11d50a3a" ve "System.Net.Http, Version=4.2.0.0, Culture=neutral, PublicKeyToken=b03f5f7f11d50a3a" aras─▒nda ├ğak─▒┼şma vard─▒. [c:\Users\USER\gazze\Assembly-CSharp.csproj]
C:\Program Files\dotnet\sdk\10.0.103\Microsoft.Common.CurrentVersion.targets(2437,5): warning MSB3277:     "System.Net.Http, Version=4.1.2.0, Culture=neutral, PublicKeyToken=b03f5f7f11d50a3a" se├ğildi, ├ğ├╝nk├╝ bu birincil, "System.Net.Http, Version=4.2.0.0, Culture=neutral, PublicKeyToken=b03f5f7f11d50a3a" ise birincil de─şil. [c:\Users\USER\gazze\Assembly-CSharp.csproj]
C:\Program Files\dotnet\sdk\10.0.103\Microsoft.Common.CurrentVersion.targets(2437,5): warning MSB3277:     "System.Net.Http, Version=4.1.2.0, Culture=neutral, PublicKeyToken=b03f5f7f11d50a3a" [C:\Program Files\Unity\Hub\Editor\6000.3.8f1\Editor\Data\NetStandard\compat\2.1.0\shims\netstandard\System.Net.Http.dll] ├Â─şesine ba─şl─▒ ba┼şvurular. [c:\Users\USER\gazze\Assembly-CSharp.csproj]
C:\Program Files\dotnet\sdk\10.0.103\Microsoft.Common.CurrentVersion.targets(2437,5): warning MSB3277:         C:\Program Files\Unity\Hub\Editor\6000.3.8f1\Editor\Data\NetStandard\compat\2.1.0\shims\netstandard\System.Net.Http.dll [c:\Users\USER\gazze\Assembly-CSharp.csproj]
C:\Program Files\dotnet\sdk\10.0.103\Microsoft.Common.CurrentVersion.targets(2437,5): warning MSB3277:           Proje dosyas─▒ ├Â─şesi, ba┼şvuruya neden olan "C:\Program Files\Unity\Hub\Editor\6000.3.8f1\Editor\Data\NetStandard\compat\2.1.0\shims\netstandard\System.Net.Http.dll" dosyas─▒n─▒ i├ğeriyor. [c:\Users\USER\gazze\Assembly-CSharp.csproj]
C:\Program Files\dotnet\sdk\10.0.103\Microsoft.Common.CurrentVersion.targets(2437,5): warning MSB3277:             System.Net.Http [c:\Users\USER\gazze\Assembly-CSharp.csproj]
C:\Program Files\dotnet\sdk\10.0.103\Microsoft.Common.CurrentVersion.targets(2437,5): warning MSB3277:     "System.Net.Http, Version=4.2.0.0, Culture=neutral, PublicKeyToken=b03f5f7f11d50a3a" [] ├Â─şesine ba─şl─▒ veya ├Â─şesi bi├ğiminde birle┼ştirilen ba┼şvurular. [c:\Users\USER\gazze\Assembly-CSharp.csproj]
C:\Program Files\dotnet\sdk\10.0.103\Microsoft.Common.CurrentVersion.targets(2437,5): warning MSB3277:         c:\Users\USER\gazze\Temp\bin\Debug\MCPForUnity.Editor.dll [c:\Users\USER\gazze\Assembly-CSharp.csproj]
C:\Program Files\dotnet\sdk\10.0.103\Microsoft.Common.CurrentVersion.targets(2437,5): warning MSB3277:           Proje dosyas─▒ ├Â─şesi, ba┼şvuruya neden olan "c:\Users\USER\gazze\Temp\bin\Debug\MCPForUnity.Editor.dll" dosyas─▒n─▒ i├ğeriyor. [c:\Users\USER\gazze\Assembly-CSharp.csproj]
C:\Program Files\dotnet\sdk\10.0.103\Microsoft.Common.CurrentVersion.targets(2437,5): warning MSB3277:             c:\Users\USER\gazze\Temp\bin\Debug\MCPForUnity.Editor.dll [c:\Users\USER\gazze\Assembly-CSharp.csproj]
c:\Users\USER\gazze\Assets\Firebase\FirebaseAI\CountTokensResponse.cs(19,7): error CS0246: 'Google' t├╝r├╝ veya ad alan─▒ ad─▒ bulunamad─▒ (bir using y├Ânergeniz veya derleme ba┼şvurunuz mu eksik?) [c:\Users\USER\gazze\Assembly-CSharp.csproj]
c:\Users\USER\gazze\Assets\Firebase\FirebaseAI\GenerateContentResponse.cs(20,7): error CS0246: 'Google' t├╝r├╝ veya ad alan─▒ ad─▒ bulunamad─▒ (bir using y├Ânergeniz veya derleme ba┼şvurunuz mu eksik?) [c:\Users\USER\gazze\Assembly-CSharp.csproj]
c:\Users\USER\gazze\Assets\Firebase\FirebaseAI\LiveSession.cs(25,7): error CS0246: 'Google' t├╝r├╝ veya ad alan─▒ ad─▒ bulunamad─▒ (bir using y├Ânergeniz veya derleme ba┼şvurunuz mu eksik?) [c:\Users\USER\gazze\Assembly-CSharp.csproj]
c:\Users\USER\gazze\Assets\Firebase\FirebaseAI\TemplateGenerativeModel.cs(23,7): error CS0246: 'Google' t├╝r├╝ veya ad alan─▒ ad─▒ bulunamad─▒ (bir using y├Ânergeniz veya derleme ba┼şvurunuz mu eksik?) [c:\Users\USER\gazze\Assembly-CSharp.csproj]
c:\Users\USER\gazze\Assets\Firebase\FirebaseAI\LiveSessionResponse.cs(18,7): error CS0246: 'Google' t├╝r├╝ veya ad alan─▒ ad─▒ bulunamad─▒ (bir using y├Ânergeniz veya derleme ba┼şvurunuz mu eksik?) [c:\Users\USER\gazze\Assembly-CSharp.csproj]
c:\Users\USER\gazze\Assets\Firebase\FirebaseAI\Imagen\ImagenResponse.cs(21,7): error CS0246: 'Google' t├╝r├╝ veya ad alan─▒ ad─▒ bulunamad─▒ (bir using y├Ânergeniz veya derleme ba┼şvurunuz mu eksik?) [c:\Users\USER\gazze\Assembly-CSharp.csproj]
c:\Users\USER\gazze\Assets\Firebase\FirebaseAI\Imagen\ImagenModel.cs(25,7): error CS0246: 'Google' t├╝r├╝ veya ad alan─▒ ad─▒ bulunamad─▒ (bir using y├Ânergeniz veya derleme ba┼şvurunuz mu eksik?) [c:\Users\USER\gazze\Assembly-CSharp.csproj]
c:\Users\USER\gazze\Assets\Firebase\FirebaseAI\GenerativeModel.cs(26,7): error CS0246: 'Google' t├╝r├╝ veya ad alan─▒ ad─▒ bulunamad─▒ (bir using y├Ânergeniz veya derleme ba┼şvurunuz mu eksik?) [c:\Users\USER\gazze\Assembly-CSharp.csproj]
c:\Users\USER\gazze\Assets\Firebase\FirebaseAI\LiveGenerativeModel.cs(25,7): error CS0246: 'Google' t├╝r├╝ veya ad alan─▒ ad─▒ bulunamad─▒ (bir using y├Ânergeniz veya derleme ba┼şvurunuz mu eksik?) [c:\Users\USER\gazze\Assembly-CSharp.csproj]
c:\Users\USER\gazze\Assets\Firebase\FirebaseAI\Internal\FirebaseInterops.cs(94,58): error CS0246: 'FirebaseApp' t├╝r├╝ veya ad alan─▒ ad─▒ bulunamad─▒ (bir using y├Ânergeniz veya derleme ba┼şvurunuz mu eksik?) [c:\Users\USER\gazze\Assembly-CSharp.csproj]
c:\Users\USER\gazze\Assets\Firebase\FirebaseAI\Internal\FirebaseInterops.cs(218,62): error CS0246: 'FirebaseApp' t├╝r├╝ veya ad alan─▒ ad─▒ bulunamad─▒ (bir using y├Ânergeniz veya derleme ba┼şvurunuz mu eksik?) [c:\Users\USER\gazze\Assembly-CSharp.csproj]
c:\Users\USER\gazze\Assets\Firebase\FirebaseAI\FirebaseAI.cs(128,42): error CS0246: 'FirebaseApp' t├╝r├╝ veya ad alan─▒ ad─▒ bulunamad─▒ (bir using y├Ânergeniz veya derleme ba┼şvurunuz mu eksik?) [c:\Users\USER\gazze\Assembly-CSharp.csproj]
c:\Users\USER\gazze\Assets\Firebase\FirebaseAI\Internal\FirebaseInterops.cs(351,58): error CS0246: 'FirebaseApp' t├╝r├╝ veya ad alan─▒ ad─▒ bulunamad─▒ (bir using y├Ânergeniz veya derleme ba┼şvurunuz mu eksik?) [c:\Users\USER\gazze\Assembly-CSharp.csproj]
c:\Users\USER\gazze\Assets\Firebase\FirebaseAI\Internal\FirebaseInterops.cs(407,83): error CS0246: 'FirebaseApp' t├╝r├╝ veya ad alan─▒ ad─▒ bulunamad─▒ (bir using y├Ânergeniz veya derleme ba┼şvurunuz mu eksik?) [c:\Users\USER\gazze\Assembly-CSharp.csproj]
c:\Users\USER\gazze\Assets\Firebase\FirebaseAI\FirebaseAI.cs(93,22): error CS0246: 'FirebaseApp' t├╝r├╝ veya ad alan─▒ ad─▒ bulunamad─▒ (bir using y├Ânergeniz veya derleme ba┼şvurunuz mu eksik?) [c:\Users\USER\gazze\Assembly-CSharp.csproj]
c:\Users\USER\gazze\Assets\Firebase\FirebaseAI\Internal\FirebaseInterops.cs(423,79): error CS0246: 'FirebaseApp' t├╝r├╝ veya ad alan─▒ ad─▒ bulunamad─▒ (bir using y├Ânergeniz veya derleme ba┼şvurunuz mu eksik?) [c:\Users\USER\gazze\Assembly-CSharp.csproj]
c:\Users\USER\gazze\Assets\Firebase\FirebaseAI\FirebaseAI.cs(96,24): error CS0246: 'FirebaseApp' t├╝r├╝ veya ad alan─▒ ad─▒ bulunamad─▒ (bir using y├Ânergeniz veya derleme ba┼şvurunuz mu eksik?) [c:\Users\USER\gazze\Assembly-CSharp.csproj]
c:\Users\USER\gazze\Assets\Firebase\FirebaseAI\TemplateGenerativeModel.cs(37,22): error CS0246: 'FirebaseApp' t├╝r├╝ veya ad alan─▒ ad─▒ bulunamad─▒ (bir using y├Ânergeniz veya derleme ba┼şvurunuz mu eksik?) [c:\Users\USER\gazze\Assembly-CSharp.csproj]
c:\Users\USER\gazze\Assets\Firebase\FirebaseAI\Internal\HttpHelpers.cs(29,35): error CS0246: 'FirebaseApp' t├╝r├╝ veya ad alan─▒ ad─▒ bulunamad─▒ (bir using y├Ânergeniz veya derleme ba┼şvurunuz mu eksik?) [c:\Users\USER\gazze\Assembly-CSharp.csproj]
c:\Users\USER\gazze\Assets\Firebase\FirebaseAI\LiveGenerativeModel.cs(43,22): error CS0246: 'FirebaseApp' t├╝r├╝ veya ad alan─▒ ad─▒ bulunamad─▒ (bir using y├Ânergeniz veya derleme ba┼şvurunuz mu eksik?) [c:\Users\USER\gazze\Assembly-CSharp.csproj]
c:\Users\USER\gazze\Assets\Firebase\FirebaseAI\Internal\HttpHelpers.cs(51,43): error CS0246: 'FirebaseApp' t├╝r├╝ veya ad alan─▒ ad─▒ bulunamad─▒ (bir using y├Ânergeniz veya derleme ba┼şvurunuz mu eksik?) [c:\Users\USER\gazze\Assembly-CSharp.csproj]
c:\Users\USER\gazze\Assets\Firebase\FirebaseAI\Internal\HttpHelpers.cs(70,78): error CS0246: 'FirebaseApp' t├╝r├╝ veya ad alan─▒ ad─▒ bulunamad─▒ (bir using y├Ânergeniz veya derleme ba┼şvurunuz mu eksik?) [c:\Users\USER\gazze\Assembly-CSharp.csproj]
c:\Users\USER\gazze\Assets\Firebase\FirebaseAI\TemplateGenerativeModel.cs(47,38): error CS0246: 'FirebaseApp' t├╝r├╝ veya ad alan─▒ ad─▒ bulunamad─▒ (bir using y├Ânergeniz veya derleme ba┼şvurunuz mu eksik?) [c:\Users\USER\gazze\Assembly-CSharp.csproj]
c:\Users\USER\gazze\Assets\Firebase\FirebaseAI\LiveGenerativeModel.cs(57,34): error CS0246: 'FirebaseApp' t├╝r├╝ veya ad alan─▒ ad─▒ bulunamad─▒ (bir using y├Ânergeniz veya derleme ba┼şvurunuz mu eksik?) [c:\Users\USER\gazze\Assembly-CSharp.csproj]
c:\Users\USER\gazze\Assets\Firebase\FirebaseAI\GenerativeModel.cs(37,22): error CS0246: 'FirebaseApp' t├╝r├╝ veya ad alan─▒ ad─▒ bulunamad─▒ (bir using y├Ânergeniz veya derleme ba┼şvurunuz mu eksik?) [c:\Users\USER\gazze\Assembly-CSharp.csproj]
c:\Users\USER\gazze\Assets\Firebase\FirebaseAI\GenerativeModel.cs(57,30): error CS0246: 'FirebaseApp' t├╝r├╝ veya ad alan─▒ ad─▒ bulunamad─▒ (bir using y├Ânergeniz veya derleme ba┼şvurunuz mu eksik?) [c:\Users\USER\gazze\Assembly-CSharp.csproj]
c:\Users\USER\gazze\Assets\Firebase\FirebaseAI\Imagen\ImagenModel.cs(39,22): error CS0246: 'FirebaseApp' t├╝r├╝ veya ad alan─▒ ad─▒ bulunamad─▒ (bir using y├Ânergeniz veya derleme ba┼şvurunuz mu eksik?) [c:\Users\USER\gazze\Assembly-CSharp.csproj]
c:\Users\USER\gazze\Assets\Firebase\FirebaseAI\Imagen\ImagenModel.cs(52,26): error CS0246: 'FirebaseApp' t├╝r├╝ veya ad alan─▒ ad─▒ bulunamad─▒ (bir using y├Ânergeniz veya derleme ba┼şvurunuz mu eksik?) [c:\Users\USER\gazze\Assembly-CSharp.csproj]
c:\Users\USER\gazze\Assets\Firebase\FirebaseAI\Imagen\ImagenModel.cs(169,22): error CS0246: 'FirebaseApp' t├╝r├╝ veya ad alan─▒ ad─▒ bulunamad─▒ (bir using y├Ânergeniz veya derleme ba┼şvurunuz mu eksik?) [c:\Users\USER\gazze\Assembly-CSharp.csproj]
c:\Users\USER\gazze\Assets\Firebase\FirebaseAI\Imagen\ImagenModel.cs(178,34): error CS0246: 'FirebaseApp' t├╝r├╝ veya ad alan─▒ ad─▒ bulunamad─▒ (bir using y├Ânergeniz veya derleme ba┼şvurunuz mu eksik?) [c:\Users\USER\gazze\Assembly-CSharp.csproj]
    19 Uyar─▒
    30 Hata

Ge├ğen S├╝re 00:00:01.09
