  Geri y├╝klenecek projeler belirleniyor...
  Yap─▒lacak i┼şlem yok. Belirtilen projelerden hi├ğbiri geri y├╝klenecek paketleri i├ğermiyor.
C:\Program Files\dotnet\sdk\10.0.104\Microsoft.Common.CurrentVersion.targets(1597,5): error MSB3107: "Gazze.Runtime.csproj" ba┼şvurusu i├ğin belirtilen proje ba┼şvuru meta verisi yok veya ge├ğersiz de─şere sahip: Project [C:\Users\USER\gazze\Assembly-CSharp.csproj]
C:\Program Files\dotnet\sdk\10.0.104\Microsoft.Common.CurrentVersion.targets(1597,5): error MSB3107: "Gazze.Editor.csproj" ba┼şvurusu i├ğin belirtilen proje ba┼şvuru meta verisi yok veya ge├ğersiz de─şere sahip: Project [C:\Users\USER\gazze\Assembly-CSharp.csproj]
C:\Program Files\dotnet\sdk\10.0.104\Microsoft.Common.CurrentVersion.targets(1597,5): error MSB3107: "MCPForUnity.Editor.csproj" ba┼şvurusu i├ğin belirtilen proje ba┼şvuru meta verisi yok veya ge├ğersiz de─şere sahip: Project [C:\Users\USER\gazze\Assembly-CSharp.csproj]
C:\Program Files\dotnet\sdk\10.0.104\Microsoft.Common.CurrentVersion.targets(1597,5): error MSB3107: "MCPForUnity.Runtime.csproj" ba┼şvurusu i├ğin belirtilen proje ba┼şvuru meta verisi yok veya ge├ğersiz de─şere sahip: Project [C:\Users\USER\gazze\Assembly-CSharp.csproj]

Olu┼şturma BA┼ŞARISIZ OLDU.

C:\Program Files\dotnet\sdk\10.0.104\Microsoft.Common.CurrentVersion.targets(1597,5): error MSB3107: "Gazze.Runtime.csproj" ba┼şvurusu i├ğin belirtilen proje ba┼şvuru meta verisi yok veya ge├ğersiz de─şere sahip: Project [C:\Users\USER\gazze\Assembly-CSharp.csproj]
C:\Program Files\dotnet\sdk\10.0.104\Microsoft.Common.CurrentVersion.targets(1597,5): error MSB3107: "Gazze.Editor.csproj" ba┼şvurusu i├ğin belirtilen proje ba┼şvuru meta verisi yok veya ge├ğersiz de─şere sahip: Project [C:\Users\USER\gazze\Assembly-CSharp.csproj]
C:\Program Files\dotnet\sdk\10.0.104\Microsoft.Common.CurrentVersion.targets(1597,5): error MSB3107: "MCPForUnity.Editor.csproj" ba┼şvurusu i├ğin belirtilen proje ba┼şvuru meta verisi yok veya ge├ğersiz de─şere sahip: Project [C:\Users\USER\gazze\Assembly-CSharp.csproj]
C:\Program Files\dotnet\sdk\10.0.104\Microsoft.Common.CurrentVersion.targets(1597,5): error MSB3107: "MCPForUnity.Runtime.csproj" ba┼şvurusu i├ğin belirtilen proje ba┼şvuru meta verisi yok veya ge├ğersiz de─şere sahip: Project [C:\Users\USER\gazze\Assembly-CSharp.csproj]
    0 Uyar─▒
    4 Hata

Ge├ğen S├╝re 00:00:00.52
